
> frontend@0.0.0 prebuild
> node scripts/set-env.js

Ô£ö environment.ts generated (API Base: http://localhost:9090, Keycloak: http://localhost:8280)

> frontend@0.0.0 build
> ng build

[33mÔØ»[39m Building...
Failed to load stats Jt {
  headers: e {
    normalizedNames: Map(0) {},
    lazyUpdate: null,
    lazyInit: [Function (anonymous)]
  },
  status: 401,
  statusText: 'Unauthorized',
  url: 'http://localhost:9090/api/games/stats/overview',
  ok: false,
  name: 'HttpErrorResponse',
  message: 'Http failure response for http://localhost:9090/api/games/stats/overview: 401 Unauthorized',
  error: null
}
Failed to load users Jt {
  headers: e {
    normalizedNames: Map(0) {},
    lazyUpdate: null,
    lazyInit: [Function (anonymous)]
  },
  status: 401,
  statusText: 'Unauthorized',
  url: 'http://localhost:9090/api/users',
  ok: false,
  name: 'HttpErrorResponse',
  message: 'Http failure response for http://localhost:9090/api/users: 401 Unauthorized',
  error: null
}
Failed to load games Jt {
  headers: e {
    normalizedNames: Map(0) {},
    lazyUpdate: null,
    lazyInit: [Function (anonymous)]
  },
  status: 401,
  statusText: 'Unauthorized',
  url: 'http://localhost:9090/api/games/all',
  ok: false,
  name: 'HttpErrorResponse',
  message: 'Http failure response for http://localhost:9090/api/games/all: 401 Unauthorized',
  error: null
}
ERROR ReferenceError: window is not defined
    at file:///C:/Users/Lenovo/OneDrive%20-%20ESPRIT/Documents/GitHub/ESPRIT-PI-4SAE11-2026-Tfakkarni/frontend/.angular/prerender-root/887a2891-857e-4fd7-8b8c-2a538525bdaf/chunk-TO2RUFJT.mjs:2:3428
    at file:///C:/Users/Lenovo/OneDrive%20-%20ESPRIT/Documents/GitHub/ESPRIT-PI-4SAE11-2026-Tfakkarni/frontend/.angular/prerender-root/887a2891-857e-4fd7-8b8c-2a538525bdaf/chunk-TO2RUFJT.mjs:2:1364
    at file:///C:/Users/Lenovo/OneDrive%20-%20ESPRIT/Documents/GitHub/ESPRIT-PI-4SAE11-2026-Tfakkarni/frontend/.angular/prerender-root/887a2891-857e-4fd7-8b8c-2a538525bdaf/chunk-TO2RUFJT.mjs:2:1492
    at file:///C:/Users/Lenovo/OneDrive%20-%20ESPRIT/Documents/GitHub/ESPRIT-PI-4SAE11-2026-Tfakkarni/frontend/.angular/prerender-root/887a2891-857e-4fd7-8b8c-2a538525bdaf/chunk-5XUXGTUW.mjs:2:1033
    at file:///C:/Users/Lenovo/OneDrive%20-%20ESPRIT/Documents/GitHub/ESPRIT-PI-4SAE11-2026-Tfakkarni/frontend/.angular/prerender-root/887a2891-857e-4fd7-8b8c-2a538525bdaf/chunk-TO2RUFJT.mjs:2:151244
    at ModuleJob.run (node:internal/modules/esm/module_job:218:25)
    at async ModuleLoader.import (node:internal/modules/esm/loader:329:24)
[32mÔ£ö[39m Building...
[35mBrowser bundles[39m        
[1mInitial chunk files[22m    [2m | [22m[1mNames[22m                      [2m | [22m [1mRaw size[22m[2m | [22m[1mEstimated transfer size[22m
[32mchunk-547ESBA5.js[39m      [2m | [22m[2m-[22m                          [2m | [22m[36m286.11 kB[39m[2m | [22m               [36m78.58 kB[39m
[32mstyles-GDWHHYHL.css[39m    [2m | [22m[2mstyles[22m                     [2m | [22m [36m77.20 kB[39m[2m | [22m               [36m11.49 kB[39m
[32mpolyfills-FFHMD2TL.js[39m  [2m | [22m[2mpolyfills[22m                  [2m | [22m [36m34.52 kB[39m[2m | [22m               [36m11.28 kB[39m
[32mchunk-TO42XGJ3.js[39m      [2m | [22m[2m-[22m                          [2m | [22m [36m32.56 kB[39m[2m | [22m                [36m8.60 kB[39m
[32mmain-ISCVJMQL.js[39m       [2m | [22m[2mmain[22m                       [2m | [22m  [36m3.87 kB[39m[2m | [22m                [36m1.38 kB[39m
[32mchunk-3SAV3XPA.js[39m      [2m | [22m[2m-[22m                          [2m | [22m  [36m2.42 kB[39m[2m | [22m              [36m861 bytes[39m
[32mchunk-RVUANUU7.js[39m      [2m | [22m[2m-[22m                          [2m | [22m  [36m1.51 kB[39m[2m | [22m              [36m700 bytes[39m

[1m [22m                      [2m | [22m[1mInitial total[22m              [2m | [22m[1m438.20 kB[22m[2m | [22m              [1m112.90 kB[22m

[1mLazy chunk files[22m       [2m | [22m[1mNames[22m                      [2m | [22m [1mRaw size[22m[2m | [22m[1mEstimated transfer size[22m
[32mchunk-X2NUR35F.js[39m      [2m | [22m[2mpatient-dashboard-component[22m[2m | [22m[36m321.84 kB[39m[2m | [22m               [36m68.63 kB[39m
[32mchunk-5JQG34YQ.js[39m      [2m | [22m[2m-[22m                          [2m | [22m[36m112.94 kB[39m[2m | [22m               [36m25.28 kB[39m
[32mchunk-X5JW2MCT.js[39m      [2m | [22m[2m-[22m                          [2m | [22m [36m63.36 kB[39m[2m | [22m               [36m18.23 kB[39m
[32mchunk-YLD7LEWF.js[39m      [2m | [22m[2m-[22m                          [2m | [22m [36m47.42 kB[39m[2m | [22m                [36m9.14 kB[39m
[32mchunk-6BAQBQKW.js[39m      [2m | [22m[2mdoctor-dashboard-component[22m [2m | [22m [36m28.22 kB[39m[2m | [22m                [36m7.02 kB[39m
[32mchunk-CFLFAAN5.js[39m      [2m | [22m[2mlanding-component[22m          [2m | [22m [36m14.00 kB[39m[2m | [22m                [36m4.09 kB[39m
[32mchunk-LWFKJFRX.js[39m      [2m | [22m[2mplay-game-component[22m        [2m | [22m [36m10.32 kB[39m[2m | [22m                [36m3.22 kB[39m
[32mchunk-NZCKRZEQ.js[39m      [2m | [22m[2madmin-dashboard-component[22m  [2m | [22m  [36m8.78 kB[39m[2m | [22m                [36m2.52 kB[39m
[32mchunk-Q3VXSQNV.js[39m      [2m | [22m[2msignup-component[22m           [2m | [22m  [36m7.31 kB[39m[2m | [22m                [36m2.37 kB[39m
[32mchunk-5MXDUSQW.js[39m      [2m | [22m[2mlogin-component[22m            [2m | [22m  [36m6.89 kB[39m[2m | [22m                [36m2.48 kB[39m
[32mchunk-CBGDZDSI.js[39m      [2m | [22m[2m-[22m                          [2m | [22m  [36m4.46 kB[39m[2m | [22m              [36m924 bytes[39m
[32mchunk-XC2ET4VI.js[39m      [2m | [22m[2m-[22m                          [2m | [22m  [36m3.87 kB[39m[2m | [22m              [36m820 bytes[39m
[32mchunk-GJZCDZMJ.js[39m      [2m | [22m[2m-[22m                          [2m | [22m  [36m3.00 kB[39m[2m | [22m                [36m1.10 kB[39m
[32mchunk-ANZBVFBM.js[39m      [2m | [22m[2m-[22m                          [2m | [22m  [36m2.18 kB[39m[2m | [22m              [36m842 bytes[39m
[32mchunk-OV43KNTB.js[39m      [2m | [22m[2m-[22m                          [2m | [22m  [36m1.69 kB[39m[2m | [22m              [36m701 bytes[39m
[2m...and 5 more lazy chunks files. Use "--verbose" to show all the files.[22m


[35mServer bundles[39m         
[1mInitial chunk files[22m    [2m | [22m[1mNames[22m                      [2m | [22m [1mRaw size[22m
[32mserver.mjs[39m             [2m | [22m[2mserver[22m                     [2m | [22m  [36m1.11 MB[39m[2m | [22m                       
[32mchunk-PWVWOX6P.mjs[39m     [2m | [22m[2m-[22m                          [2m | [22m[36m307.27 kB[39m[2m | [22m                       
[32mchunk-OMTBTEUH.mjs[39m     [2m | [22m[2m-[22m                          [2m | [22m[36m304.91 kB[39m[2m | [22m                       
[32mpolyfills.server.mjs[39m   [2m | [22m[2mpolyfills.server[22m           [2m | [22m[36m268.60 kB[39m[2m | [22m                       
[32mchunk-LCDS7X4L.mjs[39m     [2m | [22m[2m-[22m                          [2m | [22m [36m32.63 kB[39m[2m | [22m                       
[32mchunk-GR7CG7AO.mjs[39m     [2m | [22m[2m-[22m                          [2m | [22m  [36m4.01 kB[39m[2m | [22m                       
[32mchunk-5XUXGTUW.mjs[39m     [2m | [22m[2m-[22m                          [2m | [22m  [36m2.55 kB[39m[2m | [22m                       
[32mchunk-MH7QTTB4.mjs[39m     [2m | [22m[2m-[22m                          [2m | [22m  [36m2.49 kB[39m[2m | [22m                       
[32mchunk-KIV3DQGA.mjs[39m     [2m | [22m[2m-[22m                          [2m | [22m  [36m1.55 kB[39m[2m | [22m                       
[32mrender-utils.server.mjs[39m[2m | [22m[2mrender-utils.server[22m        [2m | [22m  [36m1.51 kB[39m[2m | [22m                       
[32mmain.server.mjs[39m        [2m | [22m[2mmain.server[22m                [2m | [22m[36m265 bytes[39m[2m | [22m                       

[1mLazy chunk files[22m       [2m | [22m[1mNames[22m                      [2m | [22m [1mRaw size[22m
[32mchunk-TO2RUFJT.mjs[39m     [2m | [22m[2mpatient-dashboard-component[22m[2m | [22m[36m321.92 kB[39m[2m | [22m                       
[32mchunk-7GP6QXW2.mjs[39m     [2m | [22m[2m-[22m                          [2m | [22m[36m113.00 kB[39m[2m | [22m                       
[32mchunk-VT64PMRR.mjs[39m     [2m | [22m[2m-[22m                          [2m | [22m [36m63.43 kB[39m[2m | [22m                       
[32mchunk-YRTFXO6X.mjs[39m     [2m | [22m[2m-[22m                          [2m | [22m [36m47.48 kB[39m[2m | [22m                       
[32mchunk-QREBRKDR.mjs[39m     [2m | [22m[2mdoctor-dashboard-component[22m [2m | [22m [36m28.29 kB[39m[2m | [22m                       
[32mchunk-JUKQKZAJ.mjs[39m     [2m | [22m[2mlanding-component[22m          [2m | [22m [36m14.07 kB[39m[2m | [22m                       
[32mchunk-VCVCHJZV.mjs[39m     [2m | [22m[2mxhr2[22m                       [2m | [22m [36m12.07 kB[39m[2m | [22m                       
[32mchunk-XJWPKFFL.mjs[39m     [2m | [22m[2mplay-game-component[22m        [2m | [22m [36m10.39 kB[39m[2m | [22m                       
[32mchunk-RU2DYIVE.mjs[39m     [2m | [22m[2madmin-dashboard-component[22m  [2m | [22m  [36m8.86 kB[39m[2m | [22m                       
[32mchunk-XNS27T2M.mjs[39m     [2m | [22m[2msignup-component[22m           [2m | [22m  [36m7.37 kB[39m[2m | [22m                       
[32mchunk-TBL4RCNJ.mjs[39m     [2m | [22m[2mlogin-component[22m            [2m | [22m  [36m6.97 kB[39m[2m | [22m                       
[32mchunk-IHIOE73E.mjs[39m     [2m | [22m[2m-[22m                          [2m | [22m  [36m4.50 kB[39m[2m | [22m                       
[32mchunk-MQZCZSOY.mjs[39m     [2m | [22m[2m-[22m                          [2m | [22m  [36m3.91 kB[39m[2m | [22m                       
[32mchunk-CSXCY7WK.mjs[39m     [2m | [22m[2m-[22m                          [2m | [22m  [36m3.04 kB[39m[2m | [22m                       
[32mchunk-BHCDHXDI.mjs[39m     [2m | [22m[2m-[22m                          [2m | [22m  [36m2.22 kB[39m[2m | [22m                       
[2m...and 6 more lazy chunks files. Use "--verbose" to show all the files.[22m

[35mPrerendered 7 static routes.[39m
Application bundle generation complete. [22.658 seconds]

Ôû▓ [WARNING] Module 'leaflet' used by 'src/app/pages/patient-dashboard/helper-view/add-place/add-place.component.ts' is not ESM

  CommonJS or AMD dependencies can cause optimization bailouts.
  For more information see: https://angular.dev/tools/cli/build#configuring-commonjs-dependencies


Output location: C:\Users\Lenovo\OneDrive - ESPRIT\Documents\GitHub\ESPRIT-PI-4SAE11-2026-Tfakkarni\frontend\dist\frontend

