#
# There is insufficient memory for the Java Runtime Environment to continue.
# Native memory allocation (malloc) failed to allocate 1363696 bytes. Error detail: Chunk::new
# Possible reasons:
#   The system is out of physical RAM or swap space
#   This process is running with CompressedOops enabled, and the Java Heap may be blocking the growth of the native heap
# Possible solutions:
#   Reduce memory load on the system
#   Increase physical memory or swap space
#   Check if swap backing store is full
#   Decrease Java heap size (-Xmx/-Xms)
#   Decrease number of Java threads
#   Decrease Java thread stack sizes (-Xss)
#   Set larger code cache with -XX:ReservedCodeCacheSize=
#   JVM is running with Zero Based Compressed Oops mode in which the Java heap is
#     placed in the first 32GB address space. The Java Heap base address is the
#     maximum limit for the native heap growth. Please use -XX:HeapBaseMinAddress
#     to set the Java Heap base and to place the Java Heap above 32GB virtual address.
# This output file may be truncated or incomplete.
#
#  Out of Memory Error (arena.cpp:149), pid=23316, tid=39596
#
# JRE version: Java(TM) SE Runtime Environment (23.0+37) (build 23+37-2369)
# Java VM: Java HotSpot(TM) 64-Bit Server VM (23+37-2369, mixed mode, sharing, tiered, compressed oops, compressed class ptrs, g1 gc, windows-amd64)
# No core dump will be written. Minidumps are not enabled by default on client versions of Windows
#

---------------  S U M M A R Y ------------

Command Line: --enable-native-access=ALL-UNNAMED -Dclassworlds.conf=C:\Users\hassa\.m2\wrapper\dists\apache-maven-3.9.12\59fe215c0ad6947fea90184bf7add084544567b927287592651fda3782e0e798\bin\m2.conf -Dmaven.home=C:\Users\hassa\.m2\wrapper\dists\apache-maven-3.9.12\59fe215c0ad6947fea90184bf7add084544567b927287592651fda3782e0e798 -Dlibrary.jansi.path=C:\Users\hassa\.m2\wrapper\dists\apache-maven-3.9.12\59fe215c0ad6947fea90184bf7add084544567b927287592651fda3782e0e798\lib\jansi-native -Dmaven.multiModuleProjectDirectory=C:\Users\hassa\Downloads\ESPRIT-PI-4SAE11-2026-Tfakkarni (2)\ESPRIT-PI-4SAE11-2026-Tfakkarni\backend\medical-service org.codehaus.plexus.classworlds.launcher.Launcher -q compile -DskipTests

Host: Intel(R) Core(TM) i5-10500H CPU @ 2.50GHz, 12 cores, 15G,  Windows 11 , 64 bit Build 26100 (10.0.26100.8115)
Time: Sat Apr 11 22:52:51 2026 W. Central Africa Standard Time elapsed time: 25.352431 seconds (0d 0h 0m 25s)

---------------  T H R E A D  ---------------

Current thread (0x0000025dd4029020):  JavaThread "C2 CompilerThread0" daemon [_thread_in_native, id=39596, stack(0x000000f213b00000,0x000000f213c00000) (1024K)]


Current CompileTask:
C2:25352 11661       4       com.sun.tools.javac.comp.Resolve::findMethod (549 bytes)

Stack: [0x000000f213b00000,0x000000f213c00000]
Native frames: (J=compiled Java code, j=interpreted, Vv=VM code, C=native code)
V  [jvm.dll+0x6e08a9]  (no source info available)
V  [jvm.dll+0x87da63]  (no source info available)
V  [jvm.dll+0x87feee]  (no source info available)
V  [jvm.dll+0x8805c3]  (no source info available)
V  [jvm.dll+0x27aee6]  (no source info available)
V  [jvm.dll+0xbc06f]  (no source info available)
V  [jvm.dll+0xbc2cb]  (no source info available)
V  [jvm.dll+0x3b3a62]  (no source info available)
V  [jvm.dll+0x38a42b]  (no source info available)
V  [jvm.dll+0x38989a]  (no source info available)
V  [jvm.dll+0x244aa1]  (no source info available)
V  [jvm.dll+0x243dff]  (no source info available)
V  [jvm.dll+0x1c33a0]  (no source info available)
V  [jvm.dll+0x253cf1]  (no source info available)
V  [jvm.dll+0x251faa]  (no source info available)
V  [jvm.dll+0x3ee036]  (no source info available)
V  [jvm.dll+0x824f1b]  (no source info available)
V  [jvm.dll+0x6df055]  (no source info available)
C  [ucrtbase.dll+0x37b0]  (no source info available)
C  [KERNEL32.DLL+0x2e8d7]  (no source info available)
C  [ntdll.dll+0x8c3fc]  (no source info available)

Lock stack of current Java thread (top to bottom):


---------------  P R O C E S S  ---------------

Threads class SMR info:
_java_thread_list=0x0000025dd74daf70, length=13, elements={
0x0000025de6669270, 0x0000025dd40190c0, 0x0000025dd4019b20, 0x0000025dd401d860,
0x0000025dd4020570, 0x0000025dd40219f0, 0x0000025dd4027c70, 0x0000025dd4029020,
0x0000025dd40296e0, 0x0000025dd41cf9d0, 0x0000025dd41d2c60, 0x0000025dd4803430,
0x0000025dd4802690
}

Java Threads: ( => current thread )
  0x0000025de6669270 JavaThread "main"                              [_thread_in_vm, id=17704, stack(0x000000f212d00000,0x000000f212e00000) (1024K)]
  0x0000025dd40190c0 JavaThread "Reference Handler"          daemon [_thread_blocked, id=15376, stack(0x000000f213500000,0x000000f213600000) (1024K)]
  0x0000025dd4019b20 JavaThread "Finalizer"                  daemon [_thread_blocked, id=28540, stack(0x000000f213600000,0x000000f213700000) (1024K)]
  0x0000025dd401d860 JavaThread "Signal Dispatcher"          daemon [_thread_blocked, id=23256, stack(0x000000f213700000,0x000000f213800000) (1024K)]
  0x0000025dd4020570 JavaThread "Attach Listener"            daemon [_thread_blocked, id=30232, stack(0x000000f213800000,0x000000f213900000) (1024K)]
  0x0000025dd40219f0 JavaThread "Service Thread"             daemon [_thread_blocked, id=34300, stack(0x000000f213900000,0x000000f213a00000) (1024K)]
  0x0000025dd4027c70 JavaThread "Monitor Deflation Thread"   daemon [_thread_blocked, id=24892, stack(0x000000f213a00000,0x000000f213b00000) (1024K)]
=>0x0000025dd4029020 JavaThread "C2 CompilerThread0"         daemon [_thread_in_native, id=39596, stack(0x000000f213b00000,0x000000f213c00000) (1024K)]
  0x0000025dd40296e0 JavaThread "C1 CompilerThread0"         daemon [_thread_blocked, id=26620, stack(0x000000f213c00000,0x000000f213d00000) (1024K)]
  0x0000025dd41cf9d0 JavaThread "Notification Thread"        daemon [_thread_blocked, id=28708, stack(0x000000f213d00000,0x000000f213e00000) (1024K)]
  0x0000025dd41d2c60 JavaThread "Common-Cleaner"             daemon [_thread_blocked, id=15552, stack(0x000000f213e00000,0x000000f213f00000) (1024K)]
  0x0000025dd4803430 JavaThread "C2 CompilerThread1"         daemon [_thread_in_native, id=39260, stack(0x000000f213f00000,0x000000f214000000) (1024K)]
  0x0000025dd4802690 JavaThread "C2 CompilerThread2"         daemon [_thread_in_native, id=3400, stack(0x000000f214000000,0x000000f214100000) (1024K)]
Total: 13

Other Threads:
  0x0000025df66ac2c0 VMThread "VM Thread"                           [id=38928, stack(0x000000f213400000,0x000000f213500000) (1024K)]
  0x0000025df6699980 WatcherThread "VM Periodic Task Thread"        [id=8664, stack(0x000000f213300000,0x000000f213400000) (1024K)]
  0x0000025de89aa730 WorkerThread "GC Thread#0"                     [id=1432, stack(0x000000f212e00000,0x000000f212f00000) (1024K)]
  0x0000025dd504f8f0 WorkerThread "GC Thread#1"                     [id=20536, stack(0x000000f214100000,0x000000f214200000) (1024K)]
  0x0000025dd504fca0 WorkerThread "GC Thread#2"                     [id=21300, stack(0x000000f214200000,0x000000f214300000) (1024K)]
  0x0000025dd5050050 WorkerThread "GC Thread#3"                     [id=1864, stack(0x000000f214300000,0x000000f214400000) (1024K)]
  0x0000025dd4ec3310 WorkerThread "GC Thread#4"                     [id=37748, stack(0x000000f214400000,0x000000f214500000) (1024K)]
  0x0000025dd519fbf0 WorkerThread "GC Thread#5"                     [id=11736, stack(0x000000f214500000,0x000000f214600000) (1024K)]
  0x0000025dd516ecf0 WorkerThread "GC Thread#6"                     [id=4056, stack(0x000000f214600000,0x000000f214700000) (1024K)]
  0x0000025dd516f0a0 WorkerThread "GC Thread#7"                     [id=33484, stack(0x000000f214700000,0x000000f214800000) (1024K)]
  0x0000025dd56a5f10 WorkerThread "GC Thread#8"                     [id=20704, stack(0x000000f214800000,0x000000f214900000) (1024K)]
  0x0000025dd540f420 WorkerThread "GC Thread#9"                     [id=9360, stack(0x000000f214900000,0x000000f214a00000) (1024K)]
  0x0000025de89bd280 ConcurrentGCThread "G1 Main Marker"            [id=37260, stack(0x000000f212f00000,0x000000f213000000) (1024K)]
  0x0000025df65037c0 WorkerThread "G1 Conc#0"                       [id=4792, stack(0x000000f213000000,0x000000f213100000) (1024K)]
  0x0000025dd48b6360 WorkerThread "G1 Conc#1"                       [id=32080, stack(0x000000f214a00000,0x000000f214b00000) (1024K)]
  0x0000025dd48b4230 WorkerThread "G1 Conc#2"                       [id=15472, stack(0x000000f214b00000,0x000000f214c00000) (1024K)]
  0x0000025df656d5a0 ConcurrentGCThread "G1 Refine#0"               [id=39832, stack(0x000000f213100000,0x000000f213200000) (1024K)]
  0x0000025df656dfd0 ConcurrentGCThread "G1 Service"                [id=3176, stack(0x000000f213200000,0x000000f213300000) (1024K)]
Total: 18

Threads with active compile tasks:
C2 CompilerThread0  25584 11661       4       com.sun.tools.javac.comp.Resolve::findMethod (549 bytes)
C2 CompilerThread1  25584 11834       4       com.sun.tools.javac.comp.Resolve::notOverriddenIn (124 bytes)
C2 CompilerThread2  25584 11836       4       com.sun.tools.javac.comp.Attr::visitIdent (463 bytes)
Total: 3

VM state: not at safepoint (normal execution)

VM Mutex/Monitor currently owned by a thread: None

Heap address: 0x0000000703800000, size: 4040 MB, Compressed Oops mode: Zero based, Oop shift amount: 3

CDS archive(s) mapped at: [0x0000025d8f000000-0x0000025d8fd70000-0x0000025d8fd70000), size 14090240, SharedBaseAddress: 0x0000025d8f000000, ArchiveRelocationMode: 1.
Compressed class space mapped at: 0x0000025d90000000-0x0000025dd0000000, reserved size: 1073741824
Narrow klass base: 0x0000025d8f000000, Narrow klass shift: 0, Narrow klass range: 0x41000000

GC Precious Log:
 CardTable entry size: 512
 Card Set container configuration: InlinePtr #cards 4 size 8 Array Of Cards #cards 16 size 48 Howl #buckets 8 coarsen threshold 3686 Howl Bitmap #cards 512 size 80 coarsen threshold 460 Card regions per heap region 1 cards per card region 4096
 CPUs: 12 total, 12 available
 Memory: 16159M
 Large Page Support: Disabled
 NUMA Support: Disabled
 Compressed Oops: Enabled (Zero based)
 Heap Region Size: 2M
 Heap Min Capacity: 8M
 Heap Initial Capacity: 254M
 Heap Max Capacity: 4040M
 Pre-touch: Disabled
 Parallel Workers: 10
 Concurrent Workers: 3
 Concurrent Refinement Workers: 10
 Periodic GC: Disabled

Heap:
 garbage-first heap   total reserved 4136960K, committed 237568K, used 144943K [0x0000000703800000, 0x0000000800000000)
  region size 2048K, 38 young (77824K), 3 survivors (6144K)
 Metaspace       used 33437K, committed 34048K, reserved 1114112K
  class space    used 3761K, committed 4032K, reserved 1048576K

Heap Regions: E=young(eden), S=young(survivor), O=old, HS=humongous(starts), HC=humongous(continues), CS=collection set, F=free, TAMS=top-at-mark-start, PB=parsable bottom
|   0|0x0000000703800000, 0x0000000703a00000, 0x0000000703a00000|100%| O|  |TAMS 0x0000000703800000| PB 0x0000000703800000| Untracked |  0
|   1|0x0000000703a00000, 0x0000000703c00000, 0x0000000703c00000|100%| O|  |TAMS 0x0000000703a00000| PB 0x0000000703a00000| Untracked |  0
|   2|0x0000000703c00000, 0x0000000703e00000, 0x0000000703e00000|100%| O|  |TAMS 0x0000000703c00000| PB 0x0000000703c00000| Untracked |  0
|   3|0x0000000703e00000, 0x0000000704000000, 0x0000000704000000|100%| O|  |TAMS 0x0000000703e00000| PB 0x0000000703e00000| Untracked |  0
|   4|0x0000000704000000, 0x0000000704200000, 0x0000000704200000|100%| O|  |TAMS 0x0000000704000000| PB 0x0000000704000000| Untracked |  0
|   5|0x0000000704200000, 0x0000000704400000, 0x0000000704400000|100%| O|  |TAMS 0x0000000704200000| PB 0x0000000704200000| Untracked |  0
|   6|0x0000000704400000, 0x0000000704600000, 0x0000000704600000|100%| O|  |TAMS 0x0000000704400000| PB 0x0000000704400000| Untracked |  0
|   7|0x0000000704600000, 0x0000000704800000, 0x0000000704800000|100%|HS|  |TAMS 0x0000000704600000| PB 0x0000000704600000| Complete |  0
|   8|0x0000000704800000, 0x0000000704a00000, 0x0000000704a00000|100%| O|  |TAMS 0x0000000704800000| PB 0x0000000704800000| Untracked |  0
|   9|0x0000000704a00000, 0x0000000704b58880, 0x0000000704c00000| 67%| O|  |TAMS 0x0000000704a00000| PB 0x0000000704a00000| Untracked |  0
|  10|0x0000000704c00000, 0x0000000704e00000, 0x0000000704e00000|100%| O|  |TAMS 0x0000000704c00000| PB 0x0000000704c00000| Untracked |  0
|  11|0x0000000704e00000, 0x0000000705000000, 0x0000000705000000|100%| O|  |TAMS 0x0000000704e00000| PB 0x0000000704e00000| Untracked |  0
|  12|0x0000000705000000, 0x0000000705200000, 0x0000000705200000|100%| O|  |TAMS 0x0000000705000000| PB 0x0000000705000000| Untracked |  0
|  13|0x0000000705200000, 0x0000000705400000, 0x0000000705400000|100%| O|  |TAMS 0x0000000705200000| PB 0x0000000705200000| Untracked |  0
|  14|0x0000000705400000, 0x0000000705600000, 0x0000000705600000|100%| O|  |TAMS 0x0000000705400000| PB 0x0000000705400000| Untracked |  0
|  15|0x0000000705600000, 0x0000000705800000, 0x0000000705800000|100%| O|  |TAMS 0x0000000705600000| PB 0x0000000705600000| Untracked |  0
|  16|0x0000000705800000, 0x0000000705a00000, 0x0000000705a00000|100%| O|  |TAMS 0x0000000705800000| PB 0x0000000705800000| Untracked |  0
|  17|0x0000000705a00000, 0x0000000705c00000, 0x0000000705c00000|100%| O|  |TAMS 0x0000000705a00000| PB 0x0000000705a00000| Untracked |  0
|  18|0x0000000705c00000, 0x0000000705e00000, 0x0000000705e00000|100%| O|  |TAMS 0x0000000705c00000| PB 0x0000000705c00000| Untracked |  0
|  19|0x0000000705e00000, 0x0000000706000000, 0x0000000706000000|100%| O|  |TAMS 0x0000000705e00000| PB 0x0000000705e00000| Untracked |  0
|  20|0x0000000706000000, 0x0000000706200000, 0x0000000706200000|100%| O|  |TAMS 0x0000000706000000| PB 0x0000000706000000| Untracked |  0
|  21|0x0000000706200000, 0x0000000706400000, 0x0000000706400000|100%| O|  |TAMS 0x0000000706200000| PB 0x0000000706200000| Untracked |  0
|  22|0x0000000706400000, 0x0000000706600000, 0x0000000706600000|100%| O|  |TAMS 0x0000000706400000| PB 0x0000000706400000| Untracked |  0
|  23|0x0000000706600000, 0x0000000706800000, 0x0000000706800000|100%| O|  |TAMS 0x0000000706600000| PB 0x0000000706600000| Untracked |  0
|  24|0x0000000706800000, 0x0000000706a00000, 0x0000000706a00000|100%| O|  |TAMS 0x0000000706800000| PB 0x0000000706800000| Untracked |  0
|  25|0x0000000706a00000, 0x0000000706c00000, 0x0000000706c00000|100%| O|  |TAMS 0x0000000706a00000| PB 0x0000000706a00000| Untracked |  0
|  26|0x0000000706c00000, 0x0000000706e00000, 0x0000000706e00000|100%| O|  |TAMS 0x0000000706c00000| PB 0x0000000706c00000| Untracked |  0
|  27|0x0000000706e00000, 0x0000000706fab8d8, 0x0000000707000000| 83%| O|  |TAMS 0x0000000706e00000| PB 0x0000000706e00000| Untracked |  0
|  28|0x0000000707000000, 0x0000000707000000, 0x0000000707200000|  0%| F|  |TAMS 0x0000000707000000| PB 0x0000000707000000| Untracked |  0
|  29|0x0000000707200000, 0x0000000707200000, 0x0000000707400000|  0%| F|  |TAMS 0x0000000707200000| PB 0x0000000707200000| Untracked |  0
|  30|0x0000000707400000, 0x0000000707400000, 0x0000000707600000|  0%| F|  |TAMS 0x0000000707400000| PB 0x0000000707400000| Untracked |  0
|  31|0x0000000707600000, 0x0000000707600000, 0x0000000707800000|  0%| F|  |TAMS 0x0000000707600000| PB 0x0000000707600000| Untracked |  0
|  32|0x0000000707800000, 0x0000000707800000, 0x0000000707a00000|  0%| F|  |TAMS 0x0000000707800000| PB 0x0000000707800000| Untracked |  0
|  33|0x0000000707a00000, 0x0000000707a00000, 0x0000000707c00000|  0%| F|  |TAMS 0x0000000707a00000| PB 0x0000000707a00000| Untracked |  0
|  34|0x0000000707c00000, 0x0000000707c00000, 0x0000000707e00000|  0%| F|  |TAMS 0x0000000707c00000| PB 0x0000000707c00000| Untracked |  0
|  35|0x0000000707e00000, 0x0000000707e00000, 0x0000000708000000|  0%| F|  |TAMS 0x0000000707e00000| PB 0x0000000707e00000| Untracked |  0
|  36|0x0000000708000000, 0x0000000708000000, 0x0000000708200000|  0%| F|  |TAMS 0x0000000708000000| PB 0x0000000708000000| Untracked |  0
|  37|0x0000000708200000, 0x0000000708200000, 0x0000000708400000|  0%| F|  |TAMS 0x0000000708200000| PB 0x0000000708200000| Untracked |  0
|  38|0x0000000708400000, 0x0000000708400000, 0x0000000708600000|  0%| F|  |TAMS 0x0000000708400000| PB 0x0000000708400000| Untracked |  0
|  39|0x0000000708600000, 0x0000000708600000, 0x0000000708800000|  0%| F|  |TAMS 0x0000000708600000| PB 0x0000000708600000| Untracked |  0
|  40|0x0000000708800000, 0x0000000708800000, 0x0000000708a00000|  0%| F|  |TAMS 0x0000000708800000| PB 0x0000000708800000| Untracked |  0
|  41|0x0000000708a00000, 0x0000000708a00000, 0x0000000708c00000|  0%| F|  |TAMS 0x0000000708a00000| PB 0x0000000708a00000| Untracked |  0
|  42|0x0000000708c00000, 0x0000000708c00000, 0x0000000708e00000|  0%| F|  |TAMS 0x0000000708c00000| PB 0x0000000708c00000| Untracked |  0
|  43|0x0000000708e00000, 0x0000000708e00000, 0x0000000709000000|  0%| F|  |TAMS 0x0000000708e00000| PB 0x0000000708e00000| Untracked |  0
|  44|0x0000000709000000, 0x0000000709000000, 0x0000000709200000|  0%| F|  |TAMS 0x0000000709000000| PB 0x0000000709000000| Untracked |  0
|  45|0x0000000709200000, 0x0000000709200000, 0x0000000709400000|  0%| F|  |TAMS 0x0000000709200000| PB 0x0000000709200000| Untracked |  0
|  46|0x0000000709400000, 0x0000000709487d60, 0x0000000709600000| 26%| S|CS|TAMS 0x0000000709400000| PB 0x0000000709400000| Complete |  0
|  47|0x0000000709600000, 0x0000000709800000, 0x0000000709800000|100%| S|CS|TAMS 0x0000000709600000| PB 0x0000000709600000| Complete |  0
|  48|0x0000000709800000, 0x0000000709a00000, 0x0000000709a00000|100%| S|CS|TAMS 0x0000000709800000| PB 0x0000000709800000| Complete |  0
|  49|0x0000000709a00000, 0x0000000709a00000, 0x0000000709c00000|  0%| F|  |TAMS 0x0000000709a00000| PB 0x0000000709a00000| Untracked |  0
|  50|0x0000000709c00000, 0x0000000709c00000, 0x0000000709e00000|  0%| F|  |TAMS 0x0000000709c00000| PB 0x0000000709c00000| Untracked |  0
|  51|0x0000000709e00000, 0x0000000709e00000, 0x000000070a000000|  0%| F|  |TAMS 0x0000000709e00000| PB 0x0000000709e00000| Untracked |  0
|  52|0x000000070a000000, 0x000000070a000000, 0x000000070a200000|  0%| F|  |TAMS 0x000000070a000000| PB 0x000000070a000000| Untracked |  0
|  53|0x000000070a200000, 0x000000070a200000, 0x000000070a400000|  0%| F|  |TAMS 0x000000070a200000| PB 0x000000070a200000| Untracked |  0
|  54|0x000000070a400000, 0x000000070a400000, 0x000000070a600000|  0%| F|  |TAMS 0x000000070a400000| PB 0x000000070a400000| Untracked |  0
|  55|0x000000070a600000, 0x000000070a600000, 0x000000070a800000|  0%| F|  |TAMS 0x000000070a600000| PB 0x000000070a600000| Untracked |  0
|  56|0x000000070a800000, 0x000000070a800000, 0x000000070aa00000|  0%| F|  |TAMS 0x000000070a800000| PB 0x000000070a800000| Untracked |  0
|  57|0x000000070aa00000, 0x000000070aa00000, 0x000000070ac00000|  0%| F|  |TAMS 0x000000070aa00000| PB 0x000000070aa00000| Untracked |  0
|  58|0x000000070ac00000, 0x000000070ac00000, 0x000000070ae00000|  0%| F|  |TAMS 0x000000070ac00000| PB 0x000000070ac00000| Untracked |  0
|  59|0x000000070ae00000, 0x000000070ae00000, 0x000000070b000000|  0%| F|  |TAMS 0x000000070ae00000| PB 0x000000070ae00000| Untracked |  0
|  60|0x000000070b000000, 0x000000070b000000, 0x000000070b200000|  0%| F|  |TAMS 0x000000070b000000| PB 0x000000070b000000| Untracked |  0
|  61|0x000000070b200000, 0x000000070b200000, 0x000000070b400000|  0%| F|  |TAMS 0x000000070b200000| PB 0x000000070b200000| Untracked |  0
|  62|0x000000070b400000, 0x000000070b400000, 0x000000070b600000|  0%| F|  |TAMS 0x000000070b400000| PB 0x000000070b400000| Untracked |  0
|  63|0x000000070b600000, 0x000000070b600000, 0x000000070b800000|  0%| F|  |TAMS 0x000000070b600000| PB 0x000000070b600000| Untracked |  0
|  64|0x000000070b800000, 0x000000070b800000, 0x000000070ba00000|  0%| F|  |TAMS 0x000000070b800000| PB 0x000000070b800000| Untracked |  0
|  65|0x000000070ba00000, 0x000000070ba00000, 0x000000070bc00000|  0%| F|  |TAMS 0x000000070ba00000| PB 0x000000070ba00000| Untracked |  0
|  66|0x000000070bc00000, 0x000000070bc00000, 0x000000070be00000|  0%| F|  |TAMS 0x000000070bc00000| PB 0x000000070bc00000| Untracked |  0
|  67|0x000000070be00000, 0x000000070be00000, 0x000000070c000000|  0%| F|  |TAMS 0x000000070be00000| PB 0x000000070be00000| Untracked |  0
|  68|0x000000070c000000, 0x000000070c000000, 0x000000070c200000|  0%| F|  |TAMS 0x000000070c000000| PB 0x000000070c000000| Untracked |  0
|  69|0x000000070c200000, 0x000000070c200000, 0x000000070c400000|  0%| F|  |TAMS 0x000000070c200000| PB 0x000000070c200000| Untracked |  0
|  70|0x000000070c400000, 0x000000070c400000, 0x000000070c600000|  0%| F|  |TAMS 0x000000070c400000| PB 0x000000070c400000| Untracked |  0
|  71|0x000000070c600000, 0x000000070c600000, 0x000000070c800000|  0%| F|  |TAMS 0x000000070c600000| PB 0x000000070c600000| Untracked |  0
|  72|0x000000070c800000, 0x000000070c800000, 0x000000070ca00000|  0%| F|  |TAMS 0x000000070c800000| PB 0x000000070c800000| Untracked |  0
|  73|0x000000070ca00000, 0x000000070ca00000, 0x000000070cc00000|  0%| F|  |TAMS 0x000000070ca00000| PB 0x000000070ca00000| Untracked |  0
|  74|0x000000070cc00000, 0x000000070ce00000, 0x000000070ce00000|100%| E|  |TAMS 0x000000070cc00000| PB 0x000000070cc00000| Complete |  0
|  75|0x000000070ce00000, 0x000000070d000000, 0x000000070d000000|100%| E|CS|TAMS 0x000000070ce00000| PB 0x000000070ce00000| Complete |  0
|  76|0x000000070d000000, 0x000000070d200000, 0x000000070d200000|100%| E|CS|TAMS 0x000000070d000000| PB 0x000000070d000000| Complete |  0
|  77|0x000000070d200000, 0x000000070d400000, 0x000000070d400000|100%| E|CS|TAMS 0x000000070d200000| PB 0x000000070d200000| Complete |  0
|  78|0x000000070d400000, 0x000000070d600000, 0x000000070d600000|100%| E|CS|TAMS 0x000000070d400000| PB 0x000000070d400000| Complete |  1
|  79|0x000000070d600000, 0x000000070d800000, 0x000000070d800000|100%| E|CS|TAMS 0x000000070d600000| PB 0x000000070d600000| Complete |  0
|  80|0x000000070d800000, 0x000000070da00000, 0x000000070da00000|100%| E|CS|TAMS 0x000000070d800000| PB 0x000000070d800000| Complete |  0
|  81|0x000000070da00000, 0x000000070dc00000, 0x000000070dc00000|100%| E|CS|TAMS 0x000000070da00000| PB 0x000000070da00000| Complete |  0
|  82|0x000000070dc00000, 0x000000070de00000, 0x000000070de00000|100%| E|CS|TAMS 0x000000070dc00000| PB 0x000000070dc00000| Complete |  0
|  83|0x000000070de00000, 0x000000070e000000, 0x000000070e000000|100%| E|CS|TAMS 0x000000070de00000| PB 0x000000070de00000| Complete |  0
|  84|0x000000070e000000, 0x000000070e200000, 0x000000070e200000|100%| E|CS|TAMS 0x000000070e000000| PB 0x000000070e000000| Complete |  0
|  85|0x000000070e200000, 0x000000070e400000, 0x000000070e400000|100%| E|CS|TAMS 0x000000070e200000| PB 0x000000070e200000| Complete |  0
|  86|0x000000070e400000, 0x000000070e600000, 0x000000070e600000|100%| E|CS|TAMS 0x000000070e400000| PB 0x000000070e400000| Complete |  0
|  87|0x000000070e600000, 0x000000070e800000, 0x000000070e800000|100%| E|CS|TAMS 0x000000070e600000| PB 0x000000070e600000| Complete |  0
|  88|0x000000070e800000, 0x000000070ea00000, 0x000000070ea00000|100%| E|CS|TAMS 0x000000070e800000| PB 0x000000070e800000| Complete |  0
|  89|0x000000070ea00000, 0x000000070ec00000, 0x000000070ec00000|100%| E|CS|TAMS 0x000000070ea00000| PB 0x000000070ea00000| Complete |  0
|  90|0x000000070ec00000, 0x000000070ee00000, 0x000000070ee00000|100%| E|CS|TAMS 0x000000070ec00000| PB 0x000000070ec00000| Complete |  0
|  91|0x000000070ee00000, 0x000000070f000000, 0x000000070f000000|100%| E|CS|TAMS 0x000000070ee00000| PB 0x000000070ee00000| Complete |  0
|  92|0x000000070f000000, 0x000000070f200000, 0x000000070f200000|100%| E|CS|TAMS 0x000000070f000000| PB 0x000000070f000000| Complete |  0
|  93|0x000000070f200000, 0x000000070f400000, 0x000000070f400000|100%| E|CS|TAMS 0x000000070f200000| PB 0x000000070f200000| Complete |  0
|  94|0x000000070f400000, 0x000000070f600000, 0x000000070f600000|100%| E|CS|TAMS 0x000000070f400000| PB 0x000000070f400000| Complete |  0
|  95|0x000000070f600000, 0x000000070f800000, 0x000000070f800000|100%| E|CS|TAMS 0x000000070f600000| PB 0x000000070f600000| Complete |  0
|  96|0x000000070f800000, 0x000000070fa00000, 0x000000070fa00000|100%| E|CS|TAMS 0x000000070f800000| PB 0x000000070f800000| Complete |  0
|  97|0x000000070fa00000, 0x000000070fc00000, 0x000000070fc00000|100%| E|CS|TAMS 0x000000070fa00000| PB 0x000000070fa00000| Complete |  0
|  98|0x000000070fc00000, 0x000000070fe00000, 0x000000070fe00000|100%| E|CS|TAMS 0x000000070fc00000| PB 0x000000070fc00000| Complete |  0
|  99|0x000000070fe00000, 0x0000000710000000, 0x0000000710000000|100%| E|CS|TAMS 0x000000070fe00000| PB 0x000000070fe00000| Complete |  0
| 100|0x0000000710000000, 0x0000000710200000, 0x0000000710200000|100%| E|CS|TAMS 0x0000000710000000| PB 0x0000000710000000| Complete |  0
| 101|0x0000000710200000, 0x0000000710400000, 0x0000000710400000|100%| E|CS|TAMS 0x0000000710200000| PB 0x0000000710200000| Complete |  0
| 102|0x0000000710400000, 0x0000000710600000, 0x0000000710600000|100%| E|CS|TAMS 0x0000000710400000| PB 0x0000000710400000| Complete |  0
| 103|0x0000000710600000, 0x0000000710800000, 0x0000000710800000|100%| E|CS|TAMS 0x0000000710600000| PB 0x0000000710600000| Complete |  0
| 104|0x0000000710800000, 0x0000000710a00000, 0x0000000710a00000|100%| E|CS|TAMS 0x0000000710800000| PB 0x0000000710800000| Complete |  0
| 105|0x0000000710a00000, 0x0000000710c00000, 0x0000000710c00000|100%| E|CS|TAMS 0x0000000710a00000| PB 0x0000000710a00000| Complete |  0
| 106|0x0000000710c00000, 0x0000000710e00000, 0x0000000710e00000|100%| E|CS|TAMS 0x0000000710c00000| PB 0x0000000710c00000| Complete |  0
| 107|0x0000000710e00000, 0x0000000711000000, 0x0000000711000000|100%| E|CS|TAMS 0x0000000710e00000| PB 0x0000000710e00000| Complete |  0
| 126|0x0000000713400000, 0x0000000713600000, 0x0000000713600000|100%| E|CS|TAMS 0x0000000713400000| PB 0x0000000713400000| Complete |  0
|2013|0x00000007ff200000, 0x00000007ff400000, 0x00000007ff400000|100%| O|  |TAMS 0x00000007ff200000| PB 0x00000007ff200000| Untracked |  0
|2014|0x00000007ff400000, 0x00000007ff600000, 0x00000007ff600000|100%| O|  |TAMS 0x00000007ff400000| PB 0x00000007ff400000| Untracked |  0
|2015|0x00000007ff600000, 0x00000007ff800000, 0x00000007ff800000|100%| O|  |TAMS 0x00000007ff600000| PB 0x00000007ff600000| Untracked |  0
|2016|0x00000007ff800000, 0x00000007ffa00000, 0x00000007ffa00000|100%| O|  |TAMS 0x00000007ff800000| PB 0x00000007ff800000| Untracked |  0
|2017|0x00000007ffa00000, 0x00000007ffc00000, 0x00000007ffc00000|100%| O|  |TAMS 0x00000007ffa00000| PB 0x00000007ffa00000| Untracked |  0
|2018|0x00000007ffc00000, 0x00000007ffe00000, 0x00000007ffe00000|100%| O|  |TAMS 0x00000007ffc00000| PB 0x00000007ffc00000| Untracked |  0
|2019|0x00000007ffe00000, 0x0000000800000000, 0x0000000800000000|100%| O|  |TAMS 0x00000007ffe00000| PB 0x00000007ffe00000| Untracked |  0

Card table byte_map: [0x0000025df1db0000,0x0000025df25a0000] _byte_map_base: 0x0000025dee594000

Marking Bits: (CMBitMap*) 0x0000025de89aae40
 Bits: [0x0000025df25a0000, 0x0000025df64c0000)

Polling page: 0x0000025de6790000

Metaspace:

Usage:
  Non-class:     28.99 MB used.
      Class:      3.68 MB used.
       Both:     32.67 MB used.

Virtual space:
  Non-class space:       64.00 MB reserved,      29.31 MB ( 46%) committed,  1 nodes.
      Class space:        1.00 GB reserved,       3.94 MB ( <1%) committed,  1 nodes.
             Both:        1.06 GB reserved,      33.25 MB (  3%) committed. 

Chunk freelists:
   Non-Class:  2.22 MB
       Class:  11.97 MB
        Both:  14.19 MB

MaxMetaspaceSize: unlimited
CompressedClassSpaceSize: 1.00 GB
Initial GC threshold: 21.00 MB
Current GC threshold: 35.56 MB
CDS: on
 - commit_granule_bytes: 65536.
 - commit_granule_words: 8192.
 - virtual_space_node_default_size: 8388608.
 - enlarge_chunks_in_place: 1.
 - use_allocation_guard: 0.


Internal statistics:

num_allocs_failed_limit: 3.
num_arena_births: 610.
num_arena_deaths: 0.
num_vsnodes_births: 2.
num_vsnodes_deaths: 0.
num_space_committed: 532.
num_space_uncommitted: 0.
num_chunks_returned_to_freelist: 3.
num_chunks_taken_from_freelist: 1945.
num_chunk_merges: 3.
num_chunk_splits: 1314.
num_chunks_enlarged: 932.
num_inconsistent_stats: 0.

CodeHeap 'non-profiled nmethods': size=120064Kb used=6221Kb max_used=6221Kb free=113842Kb
 bounds [0x0000025d87ac0000, 0x0000025d880e0000, 0x0000025d8f000000]
CodeHeap 'profiled nmethods': size=120000Kb used=22089Kb max_used=22089Kb free=97910Kb
 bounds [0x0000025d80000000, 0x0000025d815a0000, 0x0000025d87530000]
CodeHeap 'non-nmethods': size=5696Kb used=1470Kb max_used=1563Kb free=4225Kb
 bounds [0x0000025d87530000, 0x0000025d877a0000, 0x0000025d87ac0000]
CodeCache: size=245760Kb, used=29780Kb, max_used=29873Kb, free=215977Kb
 total_blobs=12432, nmethods=11871, adapters=465, full_count=0
Compilation: enabled, stopped_count=0, restarted_count=0

Compilation events (20 events):
Event: 25.297 Thread 0x0000025dd40296e0 11845       3       com.sun.tools.javac.code.Types$DefaultTypeVisitor::visitUndetVar (7 bytes)
Event: 25.298 Thread 0x0000025dd40296e0 nmethod 11845 0x0000025d8155e088 code [0x0000025d8155e1a0, 0x0000025d8155e368]
Event: 25.299 Thread 0x0000025dd40296e0 11846       3       com.sun.tools.javac.comp.Infer$InferenceStep$2::solve (89 bytes)
Event: 25.303 Thread 0x0000025dd40296e0 nmethod 11846 0x0000025d8155e388 code [0x0000025d8155e5e0, 0x0000025d8155f758]
Event: 25.311 Thread 0x0000025dd40296e0 11849       3       jdk.nio.zipfs.ZipFileSystem$2::available (38 bytes)
Event: 25.312 Thread 0x0000025dd40296e0 nmethod 11849 0x0000025d8155f808 code [0x0000025d8155f940, 0x0000025d8155fb88]
Event: 25.315 Thread 0x0000025dd40296e0 11851       2       jdk.nio.zipfs.ZipFileSystemProvider::newInputStream (9 bytes)
Event: 25.315 Thread 0x0000025dd40296e0 nmethod 11851 0x0000025d8155fc08 code [0x0000025d8155fd60, 0x0000025d815600a0]
Event: 25.315 Thread 0x0000025dd40296e0 11852       2       jdk.nio.zipfs.ZipPath::newInputStream (64 bytes)
Event: 25.316 Thread 0x0000025dd40296e0 nmethod 11852 0x0000025d81560108 code [0x0000025d81560280, 0x0000025d815605c0]
Event: 25.316 Thread 0x0000025dd40296e0 11853       2       java.util.zip.InflaterInputStream::read (32 bytes)
Event: 25.316 Thread 0x0000025dd40296e0 nmethod 11853 0x0000025d81560608 code [0x0000025d81560740, 0x0000025d815609d0]
Event: 25.317 Thread 0x0000025dd40296e0 11854       2       com.sun.tools.javac.jvm.PoolReader::<init> (12 bytes)
Event: 25.317 Thread 0x0000025dd40296e0 nmethod 11854 0x0000025d81560a08 code [0x0000025d81560b20, 0x0000025d81560c58]
Event: 25.317 Thread 0x0000025dd40296e0 11855       2       com.sun.tools.javac.jvm.PoolReader::<init> (44 bytes)
Event: 25.317 Thread 0x0000025dd40296e0 nmethod 11855 0x0000025d81560d08 code [0x0000025d81560e40, 0x0000025d81561158]
Event: 25.318 Thread 0x0000025dd40296e0 11856   !   2       com.sun.tools.javac.jvm.PoolReader::readPool (23 bytes)
Event: 25.318 Thread 0x0000025dd40296e0 nmethod 11856 0x0000025d81561188 code [0x0000025d815612e0, 0x0000025d81561500]
Event: 25.331 Thread 0x0000025dd4803430 nmethod 11835 0x0000025d880cdc88 code [0x0000025d880cde80, 0x0000025d880cec90]
Event: 25.332 Thread 0x0000025dd4803430 11837       4       com.sun.tools.javac.code.Types::capture (556 bytes)

GC Heap History (20 events):
Event: 14.091 GC heap before
{Heap before GC invocations=7 (full 0):
 garbage-first heap   total reserved 4136960K, committed 110592K, used 108621K [0x0000000703800000, 0x0000000800000000)
  region size 2048K, 44 young (90112K), 6 survivors (12288K)
 Metaspace       used 26453K, committed 26816K, reserved 1114112K
  class space    used 3091K, committed 3200K, reserved 1048576K
}
Event: 14.144 GC heap after
{Heap after GC invocations=8 (full 0):
 garbage-first heap   total reserved 4136960K, committed 145408K, used 51081K [0x0000000703800000, 0x0000000800000000)
  region size 2048K, 10 young (20480K), 10 survivors (20480K)
 Metaspace       used 26453K, committed 26816K, reserved 1114112K
  class space    used 3091K, committed 3200K, reserved 1048576K
}
Event: 15.241 GC heap before
{Heap before GC invocations=8 (full 0):
 garbage-first heap   total reserved 4136960K, committed 145408K, used 108425K [0x0000000703800000, 0x0000000800000000)
  region size 2048K, 38 young (77824K), 10 survivors (20480K)
 Metaspace       used 27745K, committed 28224K, reserved 1114112K
  class space    used 3168K, committed 3392K, reserved 1048576K
}
Event: 15.310 GC heap after
{Heap after GC invocations=9 (full 0):
 garbage-first heap   total reserved 4136960K, committed 145408K, used 59746K [0x0000000703800000, 0x0000000800000000)
  region size 2048K, 4 young (8192K), 4 survivors (8192K)
 Metaspace       used 27745K, committed 28224K, reserved 1114112K
  class space    used 3168K, committed 3392K, reserved 1048576K
}
Event: 16.949 GC heap before
{Heap before GC invocations=9 (full 0):
 garbage-first heap   total reserved 4136960K, committed 145408K, used 115042K [0x0000000703800000, 0x0000000800000000)
  region size 2048K, 31 young (63488K), 4 survivors (8192K)
 Metaspace       used 29735K, committed 30208K, reserved 1114112K
  class space    used 3408K, committed 3648K, reserved 1048576K
}
Event: 16.972 GC heap after
{Heap after GC invocations=10 (full 0):
 garbage-first heap   total reserved 4136960K, committed 145408K, used 62359K [0x0000000703800000, 0x0000000800000000)
  region size 2048K, 2 young (4096K), 2 survivors (4096K)
 Metaspace       used 29735K, committed 30208K, reserved 1114112K
  class space    used 3408K, committed 3648K, reserved 1048576K
}
Event: 17.931 GC heap before
{Heap before GC invocations=10 (full 0):
 garbage-first heap   total reserved 4136960K, committed 145408K, used 117655K [0x0000000703800000, 0x0000000800000000)
  region size 2048K, 29 young (59392K), 2 survivors (4096K)
 Metaspace       used 30192K, committed 30720K, reserved 1114112K
  class space    used 3455K, committed 3712K, reserved 1048576K
}
Event: 17.949 GC heap after
{Heap after GC invocations=11 (full 0):
 garbage-first heap   total reserved 4136960K, committed 176128K, used 64266K [0x0000000703800000, 0x0000000800000000)
  region size 2048K, 3 young (6144K), 3 survivors (6144K)
 Metaspace       used 30192K, committed 30720K, reserved 1114112K
  class space    used 3455K, committed 3712K, reserved 1048576K
}
Event: 18.766 GC heap before
{Heap before GC invocations=11 (full 0):
 garbage-first heap   total reserved 4136960K, committed 176128K, used 142090K [0x0000000703800000, 0x0000000800000000)
  region size 2048K, 41 young (83968K), 3 survivors (6144K)
 Metaspace       used 30404K, committed 31040K, reserved 1114112K
  class space    used 3478K, committed 3776K, reserved 1048576K
}
Event: 18.783 GC heap after
{Heap after GC invocations=12 (full 0):
 garbage-first heap   total reserved 4136960K, committed 176128K, used 67430K [0x0000000703800000, 0x0000000800000000)
  region size 2048K, 4 young (8192K), 4 survivors (8192K)
 Metaspace       used 30404K, committed 31040K, reserved 1114112K
  class space    used 3478K, committed 3776K, reserved 1048576K
}
Event: 19.370 GC heap before
{Heap before GC invocations=12 (full 0):
 garbage-first heap   total reserved 4136960K, committed 176128K, used 147302K [0x0000000703800000, 0x0000000800000000)
  region size 2048K, 43 young (88064K), 4 survivors (8192K)
 Metaspace       used 30474K, committed 31104K, reserved 1114112K
  class space    used 3483K, committed 3776K, reserved 1048576K
}
Event: 19.401 GC heap after
{Heap after GC invocations=13 (full 0):
 garbage-first heap   total reserved 4136960K, committed 176128K, used 71326K [0x0000000703800000, 0x0000000800000000)
  region size 2048K, 5 young (10240K), 5 survivors (10240K)
 Metaspace       used 30474K, committed 31104K, reserved 1114112K
  class space    used 3483K, committed 3776K, reserved 1048576K
}
Event: 19.918 GC heap before
{Heap before GC invocations=13 (full 0):
 garbage-first heap   total reserved 4136960K, committed 176128K, used 151198K [0x0000000703800000, 0x0000000800000000)
  region size 2048K, 44 young (90112K), 5 survivors (10240K)
 Metaspace       used 30544K, committed 31168K, reserved 1114112K
  class space    used 3486K, committed 3776K, reserved 1048576K
}
Event: 19.948 GC heap after
{Heap after GC invocations=14 (full 0):
 garbage-first heap   total reserved 4136960K, committed 176128K, used 74170K [0x0000000703800000, 0x0000000800000000)
  region size 2048K, 4 young (8192K), 4 survivors (8192K)
 Metaspace       used 30544K, committed 31168K, reserved 1114112K
  class space    used 3486K, committed 3776K, reserved 1048576K
}
Event: 20.461 GC heap before
{Heap before GC invocations=14 (full 0):
 garbage-first heap   total reserved 4136960K, committed 176128K, used 154042K [0x0000000703800000, 0x0000000800000000)
  region size 2048K, 43 young (88064K), 4 survivors (8192K)
 Metaspace       used 30625K, committed 31232K, reserved 1114112K
  class space    used 3486K, committed 3776K, reserved 1048576K
}
Event: 20.480 GC heap after
{Heap after GC invocations=15 (full 0):
 garbage-first heap   total reserved 4136960K, committed 237568K, used 73931K [0x0000000703800000, 0x0000000800000000)
  region size 2048K, 2 young (4096K), 2 survivors (4096K)
 Metaspace       used 30625K, committed 31232K, reserved 1114112K
  class space    used 3486K, committed 3776K, reserved 1048576K
}
Event: 21.265 GC heap before
{Heap before GC invocations=15 (full 0):
 garbage-first heap   total reserved 4136960K, committed 237568K, used 205003K [0x0000000703800000, 0x0000000800000000)
  region size 2048K, 66 young (135168K), 2 survivors (4096K)
 Metaspace       used 30684K, committed 31296K, reserved 1114112K
  class space    used 3487K, committed 3776K, reserved 1048576K
}
Event: 21.278 GC heap after
{Heap after GC invocations=16 (full 0):
 garbage-first heap   total reserved 4136960K, committed 237568K, used 74285K [0x0000000703800000, 0x0000000800000000)
  region size 2048K, 2 young (4096K), 2 survivors (4096K)
 Metaspace       used 30684K, committed 31296K, reserved 1114112K
  class space    used 3487K, committed 3776K, reserved 1048576K
}
Event: 23.724 GC heap before
{Heap before GC invocations=16 (full 0):
 garbage-first heap   total reserved 4136960K, committed 237568K, used 197165K [0x0000000703800000, 0x0000000800000000)
  region size 2048K, 62 young (126976K), 2 survivors (4096K)
 Metaspace       used 32924K, committed 33536K, reserved 1114112K
  class space    used 3723K, committed 4032K, reserved 1048576K
}
Event: 23.737 GC heap after
{Heap after GC invocations=17 (full 0):
 garbage-first heap   total reserved 4136960K, committed 237568K, used 75311K [0x0000000703800000, 0x0000000800000000)
  region size 2048K, 3 young (6144K), 3 survivors (6144K)
 Metaspace       used 32924K, committed 33536K, reserved 1114112K
  class space    used 3723K, committed 4032K, reserved 1048576K
}

Dll operation events (8 events):
Event: 0.015 Loaded shared library C:\Program Files\Java\jdk-23\bin\java.dll
Event: 0.069 Loaded shared library C:\Program Files\Java\jdk-23\bin\jsvml.dll
Event: 0.100 Loaded shared library C:\Program Files\Java\jdk-23\bin\net.dll
Event: 0.104 Loaded shared library C:\Program Files\Java\jdk-23\bin\nio.dll
Event: 0.111 Loaded shared library C:\Program Files\Java\jdk-23\bin\zip.dll
Event: 0.443 Loaded shared library C:\Program Files\Java\jdk-23\bin\jimage.dll
Event: 0.446 Loaded shared library C:\Users\hassa\.m2\wrapper\dists\apache-maven-3.9.12\59fe215c0ad6947fea90184bf7add084544567b927287592651fda3782e0e798\lib\jansi-native\Windows\x86_64\jansi.dll
Event: 0.470 Loaded shared library C:\Program Files\Java\jdk-23\bin\verify.dll

Deoptimization events (20 events):
Event: 25.290 Thread 0x0000025de6669270 DEOPT PACKING pc=0x0000025d8808414c sp=0x000000f212dfd250
Event: 25.290 Thread 0x0000025de6669270 DEOPT UNPACKING pc=0x0000025d87584402 sp=0x000000f212dfd1c8 mode 2
Event: 25.291 Thread 0x0000025de6669270 DEOPT PACKING pc=0x0000025d80defb53 sp=0x000000f212dfd5a0
Event: 25.291 Thread 0x0000025de6669270 DEOPT UNPACKING pc=0x0000025d87584b22 sp=0x000000f212dfcac0 mode 0
Event: 25.330 Thread 0x0000025de6669270 Uncommon trap: trap_request=0xffffffde fr.pc=0x0000025d8804ab48 relative=0x00000000000003e8
Event: 25.330 Thread 0x0000025de6669270 Uncommon trap: reason=class_check action=maybe_recompile pc=0x0000025d8804ab48 method=com.sun.tools.javac.code.Type$ClassType.allparams()Lcom/sun/tools/javac/util/List; @ 16 c2
Event: 25.330 Thread 0x0000025de6669270 DEOPT PACKING pc=0x0000025d8804ab48 sp=0x000000f212dfbe10
Event: 25.330 Thread 0x0000025de6669270 DEOPT UNPACKING pc=0x0000025d87584402 sp=0x000000f212dfbd68 mode 2
Event: 25.330 Thread 0x0000025de6669270 Uncommon trap: trap_request=0xffffffde fr.pc=0x0000025d87f63f34 relative=0x0000000000000354
Event: 25.330 Thread 0x0000025de6669270 Uncommon trap: reason=class_check action=maybe_recompile pc=0x0000025d87f63f34 method=com.sun.tools.javac.code.Type$ClassType.allparams()Lcom/sun/tools/javac/util/List; @ 16 c2
Event: 25.330 Thread 0x0000025de6669270 DEOPT PACKING pc=0x0000025d87f63f34 sp=0x000000f212dfbe10
Event: 25.330 Thread 0x0000025de6669270 DEOPT UNPACKING pc=0x0000025d87584402 sp=0x000000f212dfbdc8 mode 2
Event: 25.331 Thread 0x0000025de6669270 Uncommon trap: trap_request=0xffffffde fr.pc=0x0000025d8804ab48 relative=0x00000000000003e8
Event: 25.331 Thread 0x0000025de6669270 Uncommon trap: reason=class_check action=maybe_recompile pc=0x0000025d8804ab48 method=com.sun.tools.javac.code.Type$ClassType.allparams()Lcom/sun/tools/javac/util/List; @ 16 c2
Event: 25.331 Thread 0x0000025de6669270 DEOPT PACKING pc=0x0000025d8804ab48 sp=0x000000f212dfc370
Event: 25.331 Thread 0x0000025de6669270 DEOPT UNPACKING pc=0x0000025d87584402 sp=0x000000f212dfc2c8 mode 2
Event: 25.331 Thread 0x0000025de6669270 Uncommon trap: trap_request=0xffffffde fr.pc=0x0000025d87f63f34 relative=0x0000000000000354
Event: 25.331 Thread 0x0000025de6669270 Uncommon trap: reason=class_check action=maybe_recompile pc=0x0000025d87f63f34 method=com.sun.tools.javac.code.Type$ClassType.allparams()Lcom/sun/tools/javac/util/List; @ 16 c2
Event: 25.331 Thread 0x0000025de6669270 DEOPT PACKING pc=0x0000025d87f63f34 sp=0x000000f212dfc370
Event: 25.331 Thread 0x0000025de6669270 DEOPT UNPACKING pc=0x0000025d87584402 sp=0x000000f212dfc328 mode 2

Classes loaded (20 events):
Event: 23.741 Loading class java/lang/invoke/MethodHandleImpl$CountingWrapper
Event: 23.742 Loading class java/lang/invoke/MethodHandleImpl$CountingWrapper done
Event: 23.745 Loading class jdk/internal/org/objectweb/asm/Edge
Event: 23.750 Loading class jdk/internal/org/objectweb/asm/Edge done
Event: 24.911 Loading class java/util/stream/ReferencePipeline$4
Event: 24.912 Loading class java/util/stream/IntPipeline$StatelessOp
Event: 24.912 Loading class java/util/stream/IntPipeline$StatelessOp done
Event: 24.912 Loading class java/util/stream/ReferencePipeline$4 done
Event: 24.920 Loading class java/util/stream/Nodes$IntFixedNodeBuilder
Event: 24.921 Loading class java/util/stream/Node$Builder$OfInt
Event: 24.921 Loading class java/util/stream/Sink$OfInt
Event: 24.921 Loading class java/util/stream/Sink$OfInt done
Event: 24.921 Loading class java/util/stream/Node$Builder$OfInt done
Event: 24.922 Loading class java/util/stream/Nodes$IntArrayNode
Event: 24.922 Loading class java/util/stream/Nodes$IntArrayNode done
Event: 24.922 Loading class java/util/stream/Nodes$IntFixedNodeBuilder done
Event: 24.922 Loading class java/util/stream/ReferencePipeline$4$1
Event: 24.922 Loading class java/util/stream/ReferencePipeline$4$1 done
Event: 25.248 Loading class java/lang/invoke/MethodHandleImpl$CountingWrapper$1
Event: 25.249 Loading class java/lang/invoke/MethodHandleImpl$CountingWrapper$1 done

Classes unloaded (0 events):
No events

Classes redefined (0 events):
No events

Internal exceptions (20 events):
Event: 25.218 Thread 0x0000025de6669270 Exception <a 'sun/nio/fs/WindowsException'{0x000000070ddc5420}> (0x000000070ddc5420) 
thrown [s\open\src\hotspot\share\prims\jni.cpp, line 520]
Event: 25.218 Thread 0x0000025de6669270 Exception <a 'sun/nio/fs/WindowsException'{0x000000070ddc5ba0}> (0x000000070ddc5ba0) 
thrown [s\open\src\hotspot\share\prims\jni.cpp, line 520]
Event: 25.219 Thread 0x0000025de6669270 Exception <a 'sun/nio/fs/WindowsException'{0x000000070ddc7060}> (0x000000070ddc7060) 
thrown [s\open\src\hotspot\share\prims\jni.cpp, line 520]
Event: 25.224 Thread 0x0000025de6669270 Exception <a 'sun/nio/fs/WindowsException'{0x000000070da12db8}> (0x000000070da12db8) 
thrown [s\open\src\hotspot\share\prims\jni.cpp, line 520]
Event: 25.224 Thread 0x0000025de6669270 Exception <a 'sun/nio/fs/WindowsException'{0x000000070da13540}> (0x000000070da13540) 
thrown [s\open\src\hotspot\share\prims\jni.cpp, line 520]
Event: 25.224 Thread 0x0000025de6669270 Exception <a 'sun/nio/fs/WindowsException'{0x000000070da14a28}> (0x000000070da14a28) 
thrown [s\open\src\hotspot\share\prims\jni.cpp, line 520]
Event: 25.250 Thread 0x0000025de6669270 Exception <a 'sun/nio/fs/WindowsException'{0x000000070db1f6e8}> (0x000000070db1f6e8) 
thrown [s\open\src\hotspot\share\prims\jni.cpp, line 520]
Event: 25.250 Thread 0x0000025de6669270 Exception <a 'sun/nio/fs/WindowsException'{0x000000070db1fe70}> (0x000000070db1fe70) 
thrown [s\open\src\hotspot\share\prims\jni.cpp, line 520]
Event: 25.250 Thread 0x0000025de6669270 Exception <a 'sun/nio/fs/WindowsException'{0x000000070db21360}> (0x000000070db21360) 
thrown [s\open\src\hotspot\share\prims\jni.cpp, line 520]
Event: 25.305 Thread 0x0000025de6669270 Exception <a 'sun/nio/fs/WindowsException'{0x000000070d9c37d0}> (0x000000070d9c37d0) 
thrown [s\open\src\hotspot\share\prims\jni.cpp, line 520]
Event: 25.305 Thread 0x0000025de6669270 Exception <a 'sun/nio/fs/WindowsException'{0x000000070d9c3f58}> (0x000000070d9c3f58) 
thrown [s\open\src\hotspot\share\prims\jni.cpp, line 520]
Event: 25.305 Thread 0x0000025de6669270 Exception <a 'sun/nio/fs/WindowsException'{0x000000070d9c5440}> (0x000000070d9c5440) 
thrown [s\open\src\hotspot\share\prims\jni.cpp, line 520]
Event: 25.323 Thread 0x0000025de6669270 Exception <a 'sun/nio/fs/WindowsException'{0x000000070d689a28}> (0x000000070d689a28) 
thrown [s\open\src\hotspot\share\prims\jni.cpp, line 520]
Event: 25.323 Thread 0x0000025de6669270 Exception <a 'sun/nio/fs/WindowsException'{0x000000070d68c360}> (0x000000070d68c360) 
thrown [s\open\src\hotspot\share\prims\jni.cpp, line 520]
Event: 25.323 Thread 0x0000025de6669270 Exception <a 'sun/nio/fs/WindowsException'{0x000000070d6918e8}> (0x000000070d6918e8) 
thrown [s\open\src\hotspot\share\prims\jni.cpp, line 520]
Event: 25.323 Thread 0x0000025de6669270 Exception <a 'sun/nio/fs/WindowsException'{0x000000070d692a68}> (0x000000070d692a68) 
thrown [s\open\src\hotspot\share\prims\jni.cpp, line 520]
Event: 25.325 Thread 0x0000025de6669270 Exception <a 'sun/nio/fs/WindowsException'{0x000000070d6a2d18}> (0x000000070d6a2d18) 
thrown [s\open\src\hotspot\share\prims\jni.cpp, line 520]
Event: 25.326 Thread 0x0000025de6669270 Exception <a 'sun/nio/fs/WindowsException'{0x000000070d6a69c0}> (0x000000070d6a69c0) 
thrown [s\open\src\hotspot\share\prims\jni.cpp, line 520]
Event: 25.327 Thread 0x0000025de6669270 Exception <a 'sun/nio/fs/WindowsException'{0x000000070d6af2c0}> (0x000000070d6af2c0) 
thrown [s\open\src\hotspot\share\prims\jni.cpp, line 520]
Event: 25.327 Thread 0x0000025de6669270 Exception <a 'sun/nio/fs/WindowsException'{0x000000070d6b0438}> (0x000000070d6b0438) 
thrown [s\open\src\hotspot\share\prims\jni.cpp, line 520]

VM Operations (20 events):
Event: 22.232 Executing VM operation: HandshakeAllThreads (Deoptimize)
Event: 22.232 Executing VM operation: HandshakeAllThreads (Deoptimize) done
Event: 22.337 Executing VM operation: HandshakeAllThreads (Deoptimize)
Event: 22.337 Executing VM operation: HandshakeAllThreads (Deoptimize) done
Event: 22.351 Executing VM operation: HandshakeAllThreads (Deoptimize)
Event: 22.351 Executing VM operation: HandshakeAllThreads (Deoptimize) done
Event: 22.695 Executing VM operation: HandshakeAllThreads (Deoptimize)
Event: 22.695 Executing VM operation: HandshakeAllThreads (Deoptimize) done
Event: 22.716 Executing VM operation: HandshakeAllThreads (Deoptimize)
Event: 22.716 Executing VM operation: HandshakeAllThreads (Deoptimize) done
Event: 22.720 Executing VM operation: HandshakeAllThreads (Deoptimize)
Event: 22.720 Executing VM operation: HandshakeAllThreads (Deoptimize) done
Event: 22.928 Executing VM operation: HandshakeAllThreads (Deoptimize)
Event: 22.928 Executing VM operation: HandshakeAllThreads (Deoptimize) done
Event: 23.724 Executing VM operation: G1CollectForAllocation (G1 Evacuation Pause)
Event: 23.738 Executing VM operation: G1CollectForAllocation (G1 Evacuation Pause) done
Event: 24.607 Executing VM operation: HandshakeAllThreads (Deoptimize)
Event: 24.607 Executing VM operation: HandshakeAllThreads (Deoptimize) done
Event: 24.919 Executing VM operation: HandshakeAllThreads (Deoptimize)
Event: 24.919 Executing VM operation: HandshakeAllThreads (Deoptimize) done

Memory protections (0 events):
No events

Nmethod flushes (0 events):
No events

Events (20 events):
Event: 0.439 Thread 0x0000025de6669270 Thread added: 0x0000025dd4635480
Event: 0.460 Thread 0x0000025dd4635480 Thread exited: 0x0000025dd4635480
Event: 1.331 Thread 0x0000025dd40296e0 Thread added: 0x0000025dd4805640
Event: 1.359 Thread 0x0000025dd40296e0 Thread added: 0x0000025dd4802690
Event: 2.400 Thread 0x0000025dd4802690 Thread exited: 0x0000025dd4802690
Event: 3.986 Thread 0x0000025dd40296e0 Thread added: 0x0000025dd48048a0
Event: 6.769 Thread 0x0000025dd48048a0 Thread exited: 0x0000025dd48048a0
Event: 7.915 Thread 0x0000025dd40296e0 Thread added: 0x0000025dd4802690
Event: 9.655 Thread 0x0000025dd4802690 Thread exited: 0x0000025dd4802690
Event: 11.130 Thread 0x0000025dd4029020 Thread added: 0x0000025dd4802690
Event: 11.640 Thread 0x0000025dd4802690 Thread exited: 0x0000025dd4802690
Event: 11.657 Thread 0x0000025dd4805640 Thread exited: 0x0000025dd4805640
Event: 11.911 Thread 0x0000025dd40296e0 Thread added: 0x0000025dd4802690
Event: 11.911 Thread 0x0000025dd40296e0 Thread added: 0x0000025dd4803430
Event: 13.586 Thread 0x0000025dd4803430 Thread exited: 0x0000025dd4803430
Event: 13.827 Thread 0x0000025dd4802690 Thread exited: 0x0000025dd4802690
Event: 14.014 Thread 0x0000025dd40296e0 Thread added: 0x0000025dd4803430
Event: 14.194 Thread 0x0000025dd40296e0 Thread added: 0x0000025dd4802690
Event: 16.359 Thread 0x0000025dd4802690 Thread exited: 0x0000025dd4802690
Event: 16.510 Thread 0x0000025dd40296e0 Thread added: 0x0000025dd4802690


Dynamic libraries:
0x00007ff6e7d10000 - 0x00007ff6e7d20000 	C:\Program Files\Java\jdk-23\bin\java.exe
0x00007ffc621a0000 - 0x00007ffc62407000 	C:\WINDOWS\SYSTEM32\ntdll.dll
0x00007ffc615b0000 - 0x00007ffc61679000 	C:\WINDOWS\System32\KERNEL32.DLL
0x00007ffc5f880000 - 0x00007ffc5fc74000 	C:\WINDOWS\System32\KERNELBASE.dll
0x00007ffc5f700000 - 0x00007ffc5f84b000 	C:\WINDOWS\System32\ucrtbase.dll
0x00007ffbf6f80000 - 0x00007ffbf6f97000 	C:\Program Files\Java\jdk-23\bin\jli.dll
0x00007ffbf68e0000 - 0x00007ffbf68fb000 	C:\Program Files\Java\jdk-23\bin\VCRUNTIME140.dll
0x00007ffc60c10000 - 0x00007ffc60dd5000 	C:\WINDOWS\System32\USER32.dll
0x00007ffc5f850000 - 0x00007ffc5f877000 	C:\WINDOWS\System32\win32u.dll
0x00007ffc3ca60000 - 0x00007ffc3ccf3000 	C:\WINDOWS\WinSxS\amd64_microsoft.windows.common-controls_6595b64144ccf1df_6.0.26100.8115_none_3e075c82e3354f9c\COMCTL32.dll
0x00007ffc60bd0000 - 0x00007ffc60bfb000 	C:\WINDOWS\System32\GDI32.dll
0x00007ffc61710000 - 0x00007ffc617b9000 	C:\WINDOWS\System32\msvcrt.dll
0x00007ffc5fe00000 - 0x00007ffc5ff2a000 	C:\WINDOWS\System32\gdi32full.dll
0x00007ffc5f4e0000 - 0x00007ffc5f583000 	C:\WINDOWS\System32\msvcp_win.dll
0x00007ffc61990000 - 0x00007ffc619c2000 	C:\WINDOWS\System32\IMM32.DLL
0x00007ffc29de0000 - 0x00007ffc29dec000 	C:\Program Files\Java\jdk-23\bin\vcruntime140_1.dll
0x00007ffbc97c0000 - 0x00007ffbc984e000 	C:\Program Files\Java\jdk-23\bin\msvcp140.dll
0x00007ffb568d0000 - 0x00007ffb5761f000 	C:\Program Files\Java\jdk-23\bin\server\jvm.dll
0x00007ffc608f0000 - 0x00007ffc609a6000 	C:\WINDOWS\System32\ADVAPI32.dll
0x00007ffc619e0000 - 0x00007ffc61a87000 	C:\WINDOWS\System32\sechost.dll
0x00007ffc61a90000 - 0x00007ffc61ba8000 	C:\WINDOWS\System32\RPCRT4.dll
0x00007ffc60b40000 - 0x00007ffc60bc0000 	C:\WINDOWS\System32\WS2_32.dll
0x00007ffc5e2d0000 - 0x00007ffc5e32e000 	C:\WINDOWS\SYSTEM32\POWRPROF.dll
0x00007ffc4a660000 - 0x00007ffc4a696000 	C:\WINDOWS\SYSTEM32\WINMM.dll
0x00007ffc57dc0000 - 0x00007ffc57dcb000 	C:\WINDOWS\SYSTEM32\VERSION.dll
0x00007ffc5e2b0000 - 0x00007ffc5e2c4000 	C:\WINDOWS\SYSTEM32\UMPDC.dll
0x00007ffc5d7c0000 - 0x00007ffc5d7db000 	C:\WINDOWS\SYSTEM32\kernel.appcore.dll
0x00007ffc29430000 - 0x00007ffc2943a000 	C:\Program Files\Java\jdk-23\bin\jimage.dll
0x00007ffc5c910000 - 0x00007ffc5cb52000 	C:\WINDOWS\SYSTEM32\DBGHELP.DLL
0x00007ffc61c30000 - 0x00007ffc61fb2000 	C:\WINDOWS\System32\combase.dll
0x00007ffc617c0000 - 0x00007ffc61897000 	C:\WINDOWS\System32\OLEAUT32.dll
0x00007ffc51e70000 - 0x00007ffc51eab000 	C:\WINDOWS\SYSTEM32\dbgcore.DLL
0x00007ffc5f370000 - 0x00007ffc5f415000 	C:\WINDOWS\System32\bcryptPrimitives.dll
0x00007ffbf6400000 - 0x00007ffbf641e000 	C:\Program Files\Java\jdk-23\bin\java.dll
0x00007ffc61fc0000 - 0x00007ffc62157000 	C:\WINDOWS\System32\ole32.dll
0x00007ffc60de0000 - 0x00007ffc61546000 	C:\WINDOWS\System32\SHELL32.dll
0x00007ffc5f590000 - 0x00007ffc5f6fa000 	C:\WINDOWS\System32\wintypes.dll
0x00007ffc5ea70000 - 0x00007ffc5f2d5000 	C:\WINDOWS\System32\windows.storage.dll
0x00007ffc60490000 - 0x00007ffc60587000 	C:\WINDOWS\System32\SHCORE.dll
0x00007ffc5ff30000 - 0x00007ffc5ff96000 	C:\WINDOWS\System32\shlwapi.dll
0x00007ffc5e990000 - 0x00007ffc5e9b9000 	C:\WINDOWS\SYSTEM32\profapi.dll
0x00007ffbaf720000 - 0x00007ffbaf7f7000 	C:\Program Files\Java\jdk-23\bin\jsvml.dll
0x00007ffbf63f0000 - 0x00007ffbf6400000 	C:\Program Files\Java\jdk-23\bin\net.dll
0x00007ffc5dd10000 - 0x00007ffc5dd7c000 	C:\WINDOWS\system32\mswsock.dll
0x00007ffbf1070000 - 0x00007ffbf1086000 	C:\Program Files\Java\jdk-23\bin\nio.dll
0x00007ffbf1050000 - 0x00007ffbf1067000 	C:\Program Files\Java\jdk-23\bin\zip.dll
0x00007ffbe0c20000 - 0x00007ffbe0c44000 	C:\Users\hassa\.m2\wrapper\dists\apache-maven-3.9.12\59fe215c0ad6947fea90184bf7add084544567b927287592651fda3782e0e798\lib\jansi-native\Windows\x86_64\jansi.dll
0x00007ffbf54f0000 - 0x00007ffbf5500000 	C:\Program Files\Java\jdk-23\bin\verify.dll

dbghelp: loaded successfully - version: 4.0.5 - missing functions: none
symbol engine: initialized successfully - sym options: 0x614 - pdb path: .;C:\Program Files\Java\jdk-23\bin;C:\WINDOWS\SYSTEM32;C:\WINDOWS\WinSxS\amd64_microsoft.windows.common-controls_6595b64144ccf1df_6.0.26100.8115_none_3e075c82e3354f9c;C:\Program Files\Java\jdk-23\bin\server;C:\Users\hassa\.m2\wrapper\dists\apache-maven-3.9.12\59fe215c0ad6947fea90184bf7add084544567b927287592651fda3782e0e798\lib\jansi-native\Windows\x86_64

VM Arguments:
jvm_args: --enable-native-access=ALL-UNNAMED -Dclassworlds.conf=C:\Users\hassa\.m2\wrapper\dists\apache-maven-3.9.12\59fe215c0ad6947fea90184bf7add084544567b927287592651fda3782e0e798\bin\m2.conf -Dmaven.home=C:\Users\hassa\.m2\wrapper\dists\apache-maven-3.9.12\59fe215c0ad6947fea90184bf7add084544567b927287592651fda3782e0e798 -Dlibrary.jansi.path=C:\Users\hassa\.m2\wrapper\dists\apache-maven-3.9.12\59fe215c0ad6947fea90184bf7add084544567b927287592651fda3782e0e798\lib\jansi-native -Dmaven.multiModuleProjectDirectory=C:\Users\hassa\Downloads\ESPRIT-PI-4SAE11-2026-Tfakkarni (2)\ESPRIT-PI-4SAE11-2026-Tfakkarni\backend\medical-service 
java_command: org.codehaus.plexus.classworlds.launcher.Launcher -q compile -DskipTests
java_class_path (initial): C:\Users\hassa\.m2\wrapper\dists\apache-maven-3.9.12\59fe215c0ad6947fea90184bf7add084544567b927287592651fda3782e0e798\boot\plexus-classworlds-2.9.0.jar
Launcher Type: SUN_STANDARD

[Global flags]
     intx CICompilerCount                          = 4                                         {product} {ergonomic}
     uint ConcGCThreads                            = 3                                         {product} {ergonomic}
     uint G1ConcRefinementThreads                  = 10                                        {product} {ergonomic}
   size_t G1HeapRegionSize                         = 2097152                                   {product} {ergonomic}
   size_t InitialHeapSize                          = 266338304                                 {product} {ergonomic}
   size_t MarkStackSize                            = 4194304                                   {product} {ergonomic}
   size_t MarkStackSizeMax                         = 536870912                                 {product} {ergonomic}
   size_t MaxHeapSize                              = 4236247040                                {product} {ergonomic}
   size_t MaxNewSize                               = 2541748224                                {product} {ergonomic}
   size_t MinHeapDeltaBytes                        = 2097152                                   {product} {ergonomic}
   size_t MinHeapSize                              = 8388608                                   {product} {ergonomic}
    uintx NonNMethodCodeHeapSize                   = 5832704                                {pd product} {ergonomic}
    uintx NonProfiledCodeHeapSize                  = 122945536                              {pd product} {ergonomic}
    uintx ProfiledCodeHeapSize                     = 122880000                              {pd product} {ergonomic}
    uintx ReservedCodeCacheSize                    = 251658240                              {pd product} {ergonomic}
     bool SegmentedCodeCache                       = true                                      {product} {ergonomic}
   size_t SoftMaxHeapSize                          = 4236247040                             {manageable} {ergonomic}
     bool UseCompressedOops                        = true                           {product lp64_product} {ergonomic}
     bool UseG1GC                                  = true                                      {product} {ergonomic}
     bool UseLargePagesIndividualAllocation        = false                                  {pd product} {ergonomic}

Logging:
Log output configuration:
 #0: stdout all=warning uptime,level,tags foldmultilines=false
 #1: stderr all=off uptime,level,tags foldmultilines=false

Environment Variables:
PATH=C:\Program Files (x86)\VMware\VMware Workstation\bin\;c:\Users\hassa\AppData\Local\Programs\cursor\resources\app\bin;C:\oraclexe\app\oracle\product\11.2.0\server\bin;C:\Program Files\Common Files\Oracle\Java\javapath;C:\Program Files (x86)\Common Files\Oracle\Java\javapath;C:\Windows\system32;C:\Windows;C:\Windows\System32\Wbem;C:\Windows\System32\WindowsPowerShell\v1.0\;C:\Windows\System32\OpenSSH\;C:\Program Files (x86)\NVIDIA Corporation\PhysX\Common;C:\php-8.2.7;C:\composer;C:\symfony;C:\src\flutter\bin;C:\HashiCorp\Vagrant\bin;C:\Users\hassa\AppData\Local\Pub\Cache\bin;C:\Program Files\Git\cmd;C:\Program Files\nodejs\;C:\Users\hassa\AppData\Local\Programs\Python\Python313\Scripts\;C:\Users\hassa\AppData\Local\Programs\Python\Python313\;C:\Users\ha;C:\WINDOWS\system32;C:\WINDOWS;C:\WINDOWS\System32\Wbem;C:\WINDOWS\System32\WindowsPowerShell\v1.0\;C:\WINDOWS\System32\OpenSSH\;C:\Program Files\cursor\resources\app\bin;C:\Program Files\Kubernetes\Minikube;;C:\Program Files\Docker\Docker\resources\bin;C:\Users\hassa\AppData\Local\Programs\Python\Python311\Scripts\;C:\Users\hassa\AppData\Local\Programs\Python\Python311\;C:\Users\hassa\AppData\Local\Programs\Python\Python313\Scripts\;C:\Users\hassa\AppData\Local\Programs\Python\Python313\;C:\Users\hassa\AppData\Local\Programs\Python\Launcher\;C:\Users\hassa\scoop\shims;C:\Users\hassa\AppData\Local\Microsoft\WindowsApps;C:\Users\hassa\AppData\Local\Programs\Microsoft VS Code\bin;C:\Program Files\JetBrains\PhpStorm 2023.1.3\bin;;C:\Users\hassa\AppData\Local\ComposerSetup\bin;C:\Users\hassa\AppData\Roaming\Composer\vendor\bin;C:\Users\hassa\AppData\Local\GitHubDesktop\bin;C:\Program Files\Java\jdk-23\bin;C:\Users\hassa\AppData\Roaming\npm;C:\Users\hassa\AppData\Local\Microsoft\WinGet\Packages\Kubernetes.kubectl_Microsoft.Winget.Source_8wekyb3d8bbwe;C:\Users\hassa\AppData\Local\Programs\Windsurf\bin;C:\Users\hassa\AppData\Local\Programs\Antigravity\bin
USERNAME=hassa
TERM=dumb
OS=Windows_NT
PROCESSOR_IDENTIFIER=Intel64 Family 6 Model 165 Stepping 2, GenuineIntel
TMP=C:\Users\hassa\AppData\Local\Temp
TEMP=C:\Users\hassa\AppData\Local\Temp




Periodic native trim disabled

---------------  S Y S T E M  ---------------

OS:
 Windows 11 , 64 bit Build 26100 (10.0.26100.8115)
OS uptime: 2 days 17:33 hours
Hyper-V role detected

CPU: total 12 (initial active 12) (6 cores per cpu, 2 threads per core) family 6 model 165 stepping 2 microcode 0x100, cx8, cmov, fxsr, ht, mmx, 3dnowpref, sse, sse2, sse3, ssse3, sse4.1, sse4.2, popcnt, lzcnt, tsc, tscinvbit, avx, avx2, aes, erms, clmul, bmi1, bmi2, adx, fma, vzeroupper, clflush, clflushopt, hv, rdtscp, f16c
Processor Information for the first 12 processors :
  Max Mhz: 2496, Current Mhz: 2496, Mhz Limit: 2496

Memory: 4k page, system-wide physical 16159M (609M free)
TotalPageFile size 55240M (AvailPageFile size 0M)
current process WorkingSet (physical memory assigned to process): 420M, peak: 422M
current process commit charge ("private bytes"): 457M, peak: 460M

vm_info: Java HotSpot(TM) 64-Bit Server VM (23+37-2369) for windows-amd64 JRE (23+37-2369), built on 2024-08-20T16:01:23Z with MS VC++ 17.6 (VS2022)

END.
